Lab - Entering Commands 

========== 

Follow the instructions line-by-line.   

 
 

 
 

* Type in the commands as is, but ignore the beginning prompt.   

* Enter, tab, up and down are represented by <ENTER><TAB>,<UP> and <DOWN>.   

* "No output" or "nothing happens" are valid answers to any of the questions. 

========== 

 
 

 
 

 
 

 
 

 
 

 
 

========== 

1. Open Terminal.  Type: 

 
 

 
 

$ ls<ENTER> 

 
 

 
 

Copy and paste the output of ls below. 

 
 

---------- 

 
 

 
 

Adlm MPLABXProjects Things 

Adobe Movies ipe.properties 

Applications Music isus 

Desktop New Unity Project pymel.log 

Documents Pictures xgen 

Downloads Public 

Library QLData 

 
 

 
 

 
 

========== 

2a. Type:  

 
 

 
 

$ ls D<TAB> 

 
 

 
 

What happens?  Describe it below. 

---------- 

 
 

Desktop/   Documents/ Downloads/  

 
 

 
 

 
 

 
 

========== 

2b. Press <TAB> one more time.  Copy and paste the output below. 

---------- 

 
 

 
 

 
 

Desktop/   Documents/ Downloads/  

 
 

 
 

========== 

2c. Now press <ENTER>. Copy and paste the output below. 

---------- 

 
 

 
 

ls: D: No such file or directory 

 
 

 
 

 
 

========== 

3.  Type: 

 
 

 
 

$ ls -l Documents<ENTER> 

 
 

 
 

Copy and paste the first *two lines* of output below. 

---------- 

 
 

drwxr-x---   2 student  staff    68 Aug 22  2016 Adlm 

drwxr-xr-x   3 student  staff   102 Aug 22  2016 Adobe 

 
 

 
 

 
 

 
 

========== 

4.  Type: 

 
 

 
 

$ ls -a Documents 

 
 

 
 

Copy and paste the first *two lines* of output below. 

---------- 

 
 

 
 

. Avid Projects Processing 

.. Fritzing REAPER Media 

 
 

 
 

 
 

========== 

5.  Type: 

 
 

 
 

<UP><ENTER> 

 
 

 
 

What command was repeated? 

---------- 

 
 

 
 

ls -a documents 

 
 

 
 

 
 

========== 

6.  Type: 

 
 

 
 

<UP><UP><UP><DOWN><ENTER> 

 
 

 
 

What command was repeated? 

---------- 

 
 

 
 

ls -l 

 
 

 
 

 
 

========== 

7.  Type: 

 
 

 
 

$ ls /Vol<TAB><ENTER> 

 
 

 
 

What is the result of pressing tab? 

---------- 

 
 

 
 

Vol turns into Volume 

 
 

 
 

 
 

========== 

8.  Type: 

 
 

 
 

$ ls doesnotexist 

 
 

 
 

Copy and paste the output below. 

---------- 

 
 

 
 

No such file or directory 

 
 

 
 

 
 

========== 

9.  What key do I press to go to the previous command? 

---------- 

 
 

 
 

 
 

Up 

 
 

 
 

========== 

10.  Name two flags that we used in this exercise. 

---------- 

 
 

 
 

 
 

-l and -a 

 
 

 
 

========== 

11.  What key do I use to attempt to autocomplete a command or a file name? 

---------- 

 
 

 
 

 
 

The Tab key 

 
 

 
 

========== 

12.  What was the main command that we used throughout this exercise? 

---------- 

 
 

 
 

ls 

 
 

 
 

 
 

========== 

13.  Name one argument that we passed to the command. 

---------- 

 
 

 
 

ls Documents 

 
 

 
 

 
 

========== 

14.  Type: 

 
 

 
 

$ foo<ENTER> 

 
 

 
 

Copy and paste the output below. 

---------- 

 
 

 
 

-bash: foo: command not found 

 
 

 
 

 
 

========== 

15.  Type: 

 
 

 
 

<UP><ENTER> 

 
 

 
 

Copy and paste the output below. 

---------- 

 
 

 
 

 
 

-bash: foo: command not found 

 
 

 
 

========== 

16.  In the following line.... 

 
 

 
 

$ ls -a Desktop 

 
 

 
 

What is the command, flag, argument, and prompt? 

Command : ls  

Flag: -a 

Arguments: Desktop 

Prompt:  

. .localized Sound Effects Server 

.. Share 1 Read Only Student Temporary Work 

.DS_Store Share 2 Read-Write 

ent-v314-008:~ student$ ls -a Desktop 

. .localized Sound Effects Server 

.. Share 1 Read Only Student Temporary Work 

.DS_Store Share 2 Read-Write 

 
